1test.ao
array0.ao
array1.ao
axlist0.ao
basic.ao
big.ao
big.c
builtin1.ao
builtin1.c
cascade0.ao
cascade1.ao
cascade2.ao
cascade3.ao
cascade4.ao
catdef0.ao
catdef1.ao
catdef2.ao
coerce0.ao
coerce1.ao
coerce2.ao
coerce3.ao
coerce4.ao
coerce5.ao
collect0.ao
collect1.ao
complex.ao
convert0.ao
defarg0.ao
defarg1.ao
defarg10.ao
defarg2.ao
defarg4.ao
defarg6.ao
defarg7.ao
defarg8.ao
defarg9.ao
default0.ao
default1.ao
default2.ao
default3.ao
default4.ao
default5.ao
default8.ao
depend0.ao
depend2.ao
depend3.ao
depend4.ao
depend5.ao
dnames.ao
domain0.ao
domain0.c
domain0.lsp
domain1.ao
domain1.lsp
embed.ao
enum0.ao
enum0.c
enum0.lsp
enum1.ao
exit0.ao
exn1.ao
exptoc2.c
f11.ao
f21.ao
fact.ao
fact.c
fix0.ao
fix1.ao
flow0.c
flow0.lsp
fluid0.ao
for0.ao
forn0.ao
forn0.c
forn1.c
forn2.c
forn3.ao
forn3.c
forn4.c
forn4.lsp
forn5.c
forn5o.c
forn6.c
forn6o.c
forn7.ao
forn7.c
forn7a.ao
forn7a.c
funlist1.ao
funvar.c
funvar.lsp
gbtest1.ao
gen3.c
gen4.lsp
genc1.c
genc2.c
genops.ao
goto0.ao
grok.ao
has1.ao
hash0.ao
hash0.c
hash0.lsp
hide0.ao
hilbert.ao
hilbert.c
hilbert0.ao
hilbert0.lsp
hilbert1.ao
if0.ao
if2.ao
if3.ao
if4.ao
if5.ao
impl.ao
inline0.ao
inline1.ao
inline2.ao
inline3.ao
inline4.ao
intfact.ao
ladder0.ao
limits.ao
lit0.ao
lit0.c
lit0.lsp
lit1.ao
lit1.c
lit1.lsp
loop0.c
loop0.lsp
loop1.lsp
loop2.ao
mandel.ao
mandel.c
mandel.lsp
matops.lsp
none0.ao
none1.ao
object1.ao
opt0.ao
opt2.ao
opt3.ao
ovload0.ao
ovload1.ao
ovload2.ao
parse4.ao
qimport.ao
qual0.ao
qual1.ao
qual2.ao
ratio0.c
reclist0.ao
record0.ao
record0.c
record0.lsp
scobind4.ao
scope0.ao
scope1.ao
scope11.ao
scope2.ao
scope3.c
scope3.lsp
scope7.ao
scope8.ao
scope9.ao
segext5.ao
segext6.ao
segext7.ao
segment0.ao
self0.ao
slist.ao
srcpos.c
supcat2.ao
supcat3.ao
swap.ao
swap1.ao
t1009.ao
t1024.ao
t1024.c
t1053.ao
t1059.ao
t1099.ao
t1105.ao
t1106.ao
t1142.c
t619.ao
t619.lsp
t715.ao
t897.ao
t934.ao
t934.c
t944.ao
t947.ao
t947.c
t958.ao
t966.ao
t973.ao
test0.ao
test1.ao
tinfer0.ao
tinfer2.ao
topsort0.ao
topsort1.ao
tree1.ao
tree2.ao
triv0.ao
triv1.ao
triv1.c
triv1.lsp
triv3.ao
triv3.c
triv3.lsp
triv4.ao
triv4.c
triv4.lsp
triv5.ao
triv5.c
triv5.lsp
triv6.ao
triv6.c
triv6.lsp
try0.ao
tuple0.ao
tuple1.ao
tuple2.ao
tuple2.c
tuple2.lsp
tuple3.ao
tuple4.ao
type0.ao
type1.ao
type2.ao
type4.ao
type7.ao
type8.ao
union0.ao
union0.c
union0.lsp
union1.ao
union1.c
union1.lsp
union2.ao
vector0.ao
vector1.ao
vector2.ao
where0.ao
where0.lsp
where1.ao
